{
    "homo_sapiens illumina vcf bed": {
        "content": [
            [
                [
                    {
                        "id": "test"
                    },
                    "test.summary.csv:md5,9909ad4caefe6e97856d52b279c68c6e"
                ]
            ],
            [
                [
                    {
                        "id": "test"
                    },
                    "test.extended.csv:md5,a927eff0057e8c72fe5dbc2d522697e2"
                ]
            ],
            [
                [
                    {
                        "id": "test"
                    },
                    "test.roc.all.csv.gz:md5,b54bc5d8ed134af497a28f7bb493b86f"
                ]
            ],
            [
                [
                    {
                        "id": "test"
                    },
                    "test.roc.Locations.INDEL.csv.gz:md5,28b2b2cd53bb101df7b75a2d0f69377f"
                ]
            ],
            [
                [
                    {
                        "id": "test"
                    },
                    "test.roc.Locations.SNP.csv.gz:md5,2834498ddc1473fb3e593c880389be81"
                ]
            ],
            [
                [
                    {
                        "id": "test"
                    },
                    "test.roc.Locations.INDEL.PASS.csv.gz:md5,5520b391cdba7bade636620a02dda657"
                ]
            ],
            [
                [
                    {
                        "id": "test"
                    },
                    "test.roc.Locations.SNP.PASS.csv.gz:md5,4d9a5e85d0c5629d8ea66a72896cd516"
                ]
            ],
            {
                "versions_happy": [
                    [
                        "HAPPY_HAPPY",
                        "hap-rs",
                        "0.1.0"
                    ]
                ]
            },
            "test.metrics.json.gz",
            "test.runinfo.json",
            "test.vcf.gz.tbi"
        ],
        "timestamp": "2026-08-11T19:29:25.809804",
        "meta": {
            "nf-test": "0.9.5",
            "nextflow": "26.04.6"
        }
    },
    "homo_sapiens illumina vcf stub": {
        "content": [
            {
                "0": [
                    [
                        {
                            "id": "test"
                        },
                        "test.summary.csv:md5,d41d8cd98f00b204e9800998ecf8427e"
                    ]
                ],
                "1": [
                    [
                        {
                            "id": "test"
                        },
                        "test.roc.all.csv.gz:md5,68b329da9893e34099c7d8ad5cb9c940"
                    ]
                ],
                "10": [
                    [
                        {
                            "id": "test"
                        },
                        "test.vcf.gz.tbi:md5,d41d8cd98f00b204e9800998ecf8427e"
                    ]
                ],
                "11": [
                    [
                        "HAPPY_HAPPY",
                        "hap-rs",
                        "0.1.0"
                    ]
                ],
                "2": [
                    [
                        {
                            "id": "test"
                        },
                        "test.roc.Locations.INDEL.csv.gz:md5,68b329da9893e34099c7d8ad5cb9c940"
                    ]
                ],
                "3": [
                    [
                        {
                            "id": "test"
                        },
                        "test.roc.Locations.INDEL.PASS.csv.gz:md5,68b329da9893e34099c7d8ad5cb9c940"
                    ]
                ],
                "4": [
                    [
                        {
                            "id": "test"
                        },
                        "test.roc.Locations.SNP.csv.gz:md5,68b329da9893e34099c7d8ad5cb9c940"
                    ]
                ],
                "5": [
                    [
                        {
                            "id": "test"
                        },
                        "test.roc.Locations.SNP.PASS.csv.gz:md5,68b329da9893e34099c7d8ad5cb9c940"
                    ]
                ],
                "6": [
                    [
                        {
                            "id": "test"
                        },
                        "test.extended.csv:md5,d41d8cd98f00b204e9800998ecf8427e"
                    ]
                ],
                "7": [
                    [
                        {
                            "id": "test"
                        },
                        "test.runinfo.json:md5,d41d8cd98f00b204e9800998ecf8427e"
                    ]
                ],
                "8": [
                    [
                        {
                            "id": "test"
                        },
                        "test.metrics.json.gz:md5,68b329da9893e34099c7d8ad5cb9c940"
                    ]
                ],
                "9": [
                    [
                        {
                            "id": "test"
                        },
                        "test.vcf.gz:md5,68b329da9893e34099c7d8ad5cb9c940"
                    ]
                ],
                "extended_csv": [
                    [
                        {
                            "id": "test"
                        },
                        "test.extended.csv:md5,d41d8cd98f00b204e9800998ecf8427e"
                    ]
                ],
                "metrics_json": [
                    [
                        {
                            "id": "test"
                        },
                        "test.metrics.json.gz:md5,68b329da9893e34099c7d8ad5cb9c940"
                    ]
                ],
                "roc_all_csv": [
                    [
                        {
                            "id": "test"
                        },
                        "test.roc.all.csv.gz:md5,68b329da9893e34099c7d8ad5cb9c940"
                    ]
                ],
                "roc_indel_locations_csv": [
                    [
                        {
                            "id": "test"
                        },
                        "test.roc.Locations.INDEL.csv.gz:md5,68b329da9893e34099c7d8ad5cb9c940"
                    ]
                ],
                "roc_indel_locations_pass_csv": [
                    [
                        {
                            "id": "test"
                        },
                        "test.roc.Locations.INDEL.PASS.csv.gz:md5,68b329da9893e34099c7d8ad5cb9c940"
                    ]
                ],
                "roc_snp_locations_csv": [
                    [
                        {
                            "id": "test"
                        },
                        "test.roc.Locations.SNP.csv.gz:md5,68b329da9893e34099c7d8ad5cb9c940"
                    ]
                ],
                "roc_snp_locations_pass_csv": [
                    [
                        {
                            "id": "test"
                        },
                        "test.roc.Locations.SNP.PASS.csv.gz:md5,68b329da9893e34099c7d8ad5cb9c940"
                    ]
                ],
                "runinfo": [
                    [
                        {
                            "id": "test"
                        },
                        "test.runinfo.json:md5,d41d8cd98f00b204e9800998ecf8427e"
                    ]
                ],
                "summary_csv": [
                    [
                        {
                            "id": "test"
                        },
                        "test.summary.csv:md5,d41d8cd98f00b204e9800998ecf8427e"
                    ]
                ],
                "tbi": [
                    [
                        {
                            "id": "test"
                        },
                        "test.vcf.gz.tbi:md5,d41d8cd98f00b204e9800998ecf8427e"
                    ]
                ],
                "vcf": [
                    [
                        {
                            "id": "test"
                        },
                        "test.vcf.gz:md5,68b329da9893e34099c7d8ad5cb9c940"
                    ]
                ],
                "versions_happy": [
                    [
                        "HAPPY_HAPPY",
                        "hap-rs",
                        "0.1.0"
                    ]
                ]
            }
        ],
        "timestamp": "2026-08-11T19:30:02.728142",
        "meta": {
            "nf-test": "0.9.5",
            "nextflow": "26.04.6"
        }
    },
    "homo_sapiens illumina vcf false_positives": {
        "content": [
            [
                [
                    {
                        "id": "test"
                    },
                    "test.summary.csv:md5,e256b9aceceaa1c7629a8ca032e69437"
                ]
            ],
            [
                [
                    {
                        "id": "test"
                    },
                    "test.extended.csv:md5,2c42b16de6d0e53730d6a0351698a471"
                ]
            ],
            [
                [
                    {
                        "id": "test"
                    },
                    "test.roc.all.csv.gz:md5,6000d270899267bb673f74498a67852a"
                ]
            ],
            [
                [
                    {
                        "id": "test"
                    },
                    "test.roc.Locations.INDEL.csv.gz:md5,4e670c9fd9e27ef3b2fff7cb1064ef22"
                ]
            ],
            [
                [
                    {
                        "id": "test"
                    },
                    "test.roc.Locations.SNP.csv.gz:md5,5d2133e4449305c21b8c423cd991ca20"
                ]
            ],
            [
                [
                    {
                        "id": "test"
                    },
                    "test.roc.Locations.INDEL.PASS.csv.gz:md5,b2e30f99571d167a938ce0c35d6e9202"
                ]
            ],
            [
                [
                    {
                        "id": "test"
                    },
                    "test.roc.Locations.SNP.PASS.csv.gz:md5,0eb595f5ab3854526b4f4803ac6463c4"
                ]
            ],
            {
                "versions_happy": [
                    [
                        "HAPPY_HAPPY",
                        "hap-rs",
                        "0.1.0"
                    ]
                ]
            },
            "test.metrics.json.gz",
            "test.runinfo.json",
            "test.vcf.gz.tbi"
        ],
        "timestamp": "2026-08-11T19:29:35.308122",
        "meta": {
            "nf-test": "0.9.5",
            "nextflow": "26.04.6"
        }
    },
    "homo_sapiens illumina vcf nobed": {
        "content": [
            [
                [
                    {
                        "id": "test"
                    },
                    "test.summary.csv:md5,328c9798baa464cec0af42bcdc178ed4"
                ]
            ],
            [
                [
                    {
                        "id": "test"
                    },
                    "test.extended.csv:md5,97969ae6712b05e91530915228edb9ae"
                ]
            ],
            [
                [
                    {
                        "id": "test"
                    },
                    "test.roc.all.csv.gz:md5,5bcf5050fcd520bc56470dc3d8f45dd6"
                ]
            ],
            [
                [
                    {
                        "id": "test"
                    },
                    "test.roc.Locations.INDEL.csv.gz:md5,28b2b2cd53bb101df7b75a2d0f69377f"
                ]
            ],
            [
                [
                    {
                        "id": "test"
                    },
                    "test.roc.Locations.SNP.csv.gz:md5,f5804be924be4d011d91ec345f129136"
                ]
            ],
            [
                [
                    {
                        "id": "test"
                    },
                    "test.roc.Locations.INDEL.PASS.csv.gz:md5,5520b391cdba7bade636620a02dda657"
                ]
            ],
            [
                [
                    {
                        "id": "test"
                    },
                    "test.roc.Locations.SNP.PASS.csv.gz:md5,c1139bb617366e330c365b6401037c66"
                ]
            ],
            {
                "versions_happy": [
                    [
                        "HAPPY_HAPPY",
                        "hap-rs",
                        "0.1.0"
                    ]
                ]
            },
            "test.metrics.json.gz",
            "test.runinfo.json",
            "test.vcf.gz.tbi"
        ],
        "timestamp": "2026-08-11T19:29:56.220601",
        "meta": {
            "nf-test": "0.9.5",
            "nextflow": "26.04.6"
        }
    },
    "homo_sapiens illumina vcf stratification": {
        "content": [
            [
                [
                    {
                        "id": "test"
                    },
                    "test.summary.csv:md5,328c9798baa464cec0af42bcdc178ed4"
                ]
            ],
            [
                [
                    {
                        "id": "test"
                    },
                    "test.extended.csv:md5,9871fb0740a9283479472fac75400196"
                ]
            ],
            [
                [
                    {
                        "id": "test"
                    },
                    "test.roc.all.csv.gz:md5,312f1e5bd609b5e4d3fbcf7739459adc"
                ]
            ],
            [
                [
                    {
                        "id": "test"
                    },
                    "test.roc.Locations.INDEL.csv.gz:md5,28b2b2cd53bb101df7b75a2d0f69377f"
                ]
            ],
            [
                [
                    {
                        "id": "test"
                    },
                    "test.roc.Locations.SNP.csv.gz:md5,f5804be924be4d011d91ec345f129136"
                ]
            ],
            [
                [
                    {
                        "id": "test"
                    },
                    "test.roc.Locations.INDEL.PASS.csv.gz:md5,5520b391cdba7bade636620a02dda657"
                ]
            ],
            [
                [
                    {
                        "id": "test"
                    },
                    "test.roc.Locations.SNP.PASS.csv.gz:md5,c1139bb617366e330c365b6401037c66"
                ]
            ],
            {
                "versions_happy": [
                    [
                        "HAPPY_HAPPY",
                        "hap-rs",
                        "0.1.0"
                    ]
                ]
            },
            "test.metrics.json.gz",
            "test.runinfo.json",
            "test.vcf.gz.tbi"
        ],
        "timestamp": "2026-08-11T19:29:47.076969",
        "meta": {
            "nf-test": "0.9.5",
            "nextflow": "26.04.6"
        }
    }
}